// Jest Snapshot v1, https://goo.gl/fbAQLP

exports[`New Property form Should render new property form correctly 1`] = `
<form>
  <input
    name="title"
    type="text"
    value=""
  />
  <input
    name="description"
    type="text"
    value=""
  />
  <input
    name="squareMeter"
    type="number"
    value=""
  />
  <input
    name="bathrooms"
    type="number"
    value=""
  />
  <input
    name="bedrooms"
    type="number"
    value=""
  />
  <input
    name="address"
    type="text"
    value=""
  />
  <input
    name="country"
    type="text"
    value=""
  />
  <input
    name="price"
    type="text"
    value=""
  />
  <input
    name="status"
    type="text"
    value=""
  />
  <button
    type="button"
  >
    Add Hobby
  </button>
  <button
    type="submit"
  >
    Add New Property
  </button>
</form>
`;
